                                                   ZZAR61FL
                                                ZZAR61FL_DICT

                                        C:\Countries\ZZ61\ZZAR61FL.DCF
                                    Last Modified:  4/14/2015  2:30:54 PM

--------------------------------------------------------------------------------------------------------------
Level Name                    Level Label                                                  Type            Rec
  Record Name                   Record Label                                              Value  Req  Max  Len
--------------------------------------------------------------------------------------------------------------
TEST                          HIVData questionnaire
  RECORD1                       RECORD1                                                          Yes    1   36
Level: HIVData questionnaire                           Record: RECORD1
--------------------------------------------------------------------------------------------------------------
                                                                                 Data Item            Dec Zero
Item Name              Item Label                                     Start  Len Type Type  Occ  Dec Char Fill
--------------------------------------------------------------------------------------------------------------
                         (record type)                                    0    0   AN    I    1    0   No   No
HIVCLUST          (id) Cluster                                            1    8    N    I    1    0   No   No
HIVNUMB           (id) Household                                          9    4    N    I    1    0   No   No
HIVLINE           (id) Line                                              13    3    N    I    1    0   No   No
HIV01                  Bar code                                          16    6   AN    I    1    0   No   No
HIV02                  Lab number                                        22    6    N    I    1    0   No   No
HIV03                  Blood test result                                 28    1    N    I    1    0   No   No
                               0  HIV negative
                               1  HIV  positive
                               2  HIV2 positive
                               3  HIV1 & HIV2 positive
                               4  ERROR : V-, W+, M+
                               5  ERROR : V-, W+, M-
                               6  ERROR : V-, W-, M+
                               7  Indeterminant
                          (na)    
HIV05                  Sample weight                                     29    8    N    I    1    0   No   No
--------------------------------------------------------------------------------------------------------------
Relation Name         Primary               Linked by             Secondary             Linked by
--------------------------------------------------------------------------------------------------------------
